0.00000000: 5.0
0.10001000: 4.20205581266
0.20001000: 3.87186550404
0.30001000: 3.62191668243
0.40001000: 3.42023443145
0.50001000: 3.25527042839
0.60001000: 3.11995671588
0.70001000: 3.00889897045
0.80001000: 2.91773812007
0.90001000: 2.84290761089
1.00001000: 2.78148174848
1.10001000: 2.73105925893
1.20001000: 2.6896690707
1.30001000: 2.65569320451
1.40001000: 2.62780351509
1.50001000: 2.60490977125
1.60001000: 2.58611703753
1.70001000: 2.57069069033
1.80001000: 2.55802770094
1.90001000: 2.54763306258
2.00001000: 2.5391004402
2.10001000: 2.53209628651
2.20001000: 2.52634680333
2.30001000: 2.52162723856
2.40001000: 2.51775310053
2.50001000: 2.51457294593
2.60001000: 2.5119624599
2.70001000: 2.50981959636
2.80001000: 2.508060589
2.90001000: 2.50661667676
3.00000000: 2.50543163034
