0.00000000: 0.0
0.10001000: 0.797944187345
0.20001000: 1.12813449596
0.30001000: 1.37808331757
0.40001000: 1.57976556855
0.50001000: 1.74472957161
0.60001000: 1.88004328412
0.70001000: 1.99110102955
0.80001000: 2.08226187994
0.90001000: 2.15709238911
1.00001000: 2.21851825152
1.10001000: 2.26894074107
1.20001000: 2.3103309293
1.30001000: 2.3443067955
1.40001000: 2.37219648491
1.50001000: 2.39509022875
1.60001000: 2.41388296248
1.70001000: 2.42930930967
1.80001000: 2.44197229907
1.90001000: 2.45236693743
2.00001000: 2.4608995598
2.10001000: 2.46790371349
2.20001000: 2.47365319668
2.30001000: 2.47837276144
2.40001000: 2.48224689948
2.50001000: 2.48542705407
2.60001000: 2.48803754011
2.70001000: 2.49018040364
2.80001000: 2.491939411
2.90001000: 2.49338332324
3.00000000: 2.49456836966
